2024-09-04 11:16:24,640 - ERROR - Error: The folder '../Input_files' does not exist.
2024-09-04 11:16:24,640 - INFO - Starting...............
2024-09-04 11:16:37,777 - INFO - Master Data Updated, please press Enter to end
2024-09-04 11:16:39,319 - INFO - Starting...............
2024-09-04 11:16:39,644 - INFO - Completed entry for Metals
2024-09-04 11:16:39,741 - INFO - Completed entry for Metal Refined
2024-09-04 11:16:39,843 - INFO - Completed entry for Dissolved
2024-09-04 11:16:39,934 - INFO - Completed entry for Dissolved Refined
2024-09-04 11:16:40,084 - INFO - Completed entry for Conventional
2024-09-04 11:16:40,210 - INFO - Completed entry for Conventional Refined
2024-09-04 11:16:40,283 - INFO - completed entry for file 2024-06-03 C428599V1 Assay.XLS
2024-09-04 11:16:40,287 - INFO - File 2024-06-03 C428599V1 Assay.XLS has been deleted.
2024-09-04 11:17:09,384 - INFO - Master Data Updated, please press Enter to end
2024-09-04 11:19:01,413 - INFO - Starting...............
2024-09-04 11:19:08,598 - INFO - Master Data Updated, please press Enter to end
2024-09-04 11:19:11,664 - INFO - Starting...............
2024-09-04 11:19:14,230 - INFO - Master Data Updated, please press Enter to end
2024-09-04 11:20:02,991 - INFO - Starting...............
2024-09-04 11:20:11,069 - INFO - Master Data Updated, please press Enter to end
2024-09-04 11:20:37,260 - INFO - Starting...............
2024-09-04 11:20:37,260 - INFO - Working on file2024-08-05 C442846V1 DIR-Z3 Assay.XLS
2024-09-04 11:20:37,543 - INFO - Completed entry for Metals
2024-09-04 11:20:37,622 - INFO - Completed entry for Metal Refined
2024-09-04 11:20:37,701 - INFO - Completed entry for Dissolved
2024-09-04 11:20:37,769 - INFO - Completed entry for Dissolved Refined
2024-09-04 11:20:37,844 - INFO - Completed entry for Conventional
2024-09-04 11:20:37,913 - INFO - Completed entry for Conventional Refined
2024-09-04 11:20:37,945 - INFO - completed entry for file 2024-08-05 C442846V1 DIR-Z3 Assay.XLS
2024-09-04 11:20:37,947 - INFO - File 2024-08-05 C442846V1 DIR-Z3 Assay.XLS has been deleted.
2024-09-04 11:20:42,398 - INFO - Master Data Updated, please press Enter to end
2024-10-02 15:45:26,878 - INFO - Starting...............
2024-10-02 15:45:26,878 - INFO - Working on file2024-09-01 C449200V1 DIR-Z3 Assay.XLS
2024-10-02 15:45:27,992 - INFO - Completed entry for Metals
2024-10-02 15:45:29,555 - INFO - Completed entry for Metal Refined
2024-10-02 15:45:31,103 - INFO - Completed entry for Dissolved
2024-10-02 15:45:32,598 - INFO - Completed entry for Dissolved Refined
2024-10-02 15:45:34,047 - INFO - Completed entry for Conventional
2024-10-02 15:45:35,562 - INFO - Completed entry for Conventional Refined
2024-10-02 15:45:36,102 - INFO - completed entry for file 2024-09-01 C449200V1 DIR-Z3 Assay.XLS
2024-10-02 15:45:36,102 - INFO - Working on file2024-09-03 C449499V1 DIR-UT Assay.XLS
2024-10-02 15:45:37,226 - INFO - Completed entry for Metals
2024-10-02 15:45:38,881 - INFO - Completed entry for Metal Refined
2024-10-02 15:45:40,549 - INFO - Completed entry for Dissolved
2024-10-02 15:45:42,099 - INFO - Completed entry for Dissolved Refined
2024-10-02 15:45:43,595 - INFO - Completed entry for Conventional
2024-10-02 15:45:45,116 - INFO - Completed entry for Conventional Refined
2024-10-02 15:45:45,652 - INFO - completed entry for file 2024-09-03 C449499V1 DIR-UT Assay.XLS
2024-10-02 15:45:45,653 - INFO - File 2024-09-01 C449200V1 DIR-Z3 Assay.XLS has been deleted.
2024-10-02 15:45:45,653 - INFO - File 2024-09-03 C449499V1 DIR-UT Assay.XLS has been deleted.
2024-10-02 15:45:50,630 - INFO - Master Data Updated, please press Enter to end
2024-10-02 15:54:01,325 - INFO - Starting...............
2024-10-02 15:54:06,570 - INFO - Master Data Updated, please press Enter to end
2024-10-02 15:54:24,773 - INFO - Starting...............
2024-10-02 15:54:24,773 - INFO - Working on file2024-09-01 C449200V1 DIR-Z3 Assay.XLS
2024-10-02 15:54:26,374 - INFO - completed entry for file 2024-09-01 C449200V1 DIR-Z3 Assay.XLS
2024-10-02 15:54:26,375 - INFO - Working on file2024-09-03 C449499V1 DIR-UT Assay.XLS
2024-10-02 15:54:27,760 - INFO - completed entry for file 2024-09-03 C449499V1 DIR-UT Assay.XLS
2024-10-02 15:56:11,513 - INFO - Starting...............
2024-10-02 15:56:11,514 - INFO - Working on file2024-09-01 C449200V1 DIR-Z3 Assay.XLS
2024-10-02 15:56:13,060 - INFO - completed entry for file 2024-09-01 C449200V1 DIR-Z3 Assay.XLS
2024-10-02 15:56:13,060 - INFO - Working on file2024-09-03 C449499V1 DIR-UT Assay.XLS
2024-10-02 15:56:14,442 - INFO - completed entry for file 2024-09-03 C449499V1 DIR-UT Assay.XLS
2024-10-02 15:56:38,022 - INFO - Master Data Updated, please press Enter to end
2024-10-02 15:56:41,205 - INFO - Starting...............
2024-10-02 15:56:41,206 - INFO - Working on file2024-09-01 C449200V1 DIR-Z3 Assay.XLS
2024-10-02 15:56:42,774 - INFO - completed entry for file 2024-09-01 C449200V1 DIR-Z3 Assay.XLS
2024-10-02 15:56:42,775 - INFO - Working on file2024-09-03 C449499V1 DIR-UT Assay.XLS
2024-10-02 15:56:44,148 - INFO - completed entry for file 2024-09-03 C449499V1 DIR-UT Assay.XLS
2024-10-02 15:58:24,810 - INFO - Starting...............
2024-10-02 15:58:24,810 - INFO - Working on file2024-09-01 C449200V1 DIR-Z3 Assay.XLS
2024-10-02 15:58:26,370 - INFO - completed entry for file 2024-09-01 C449200V1 DIR-Z3 Assay.XLS
2024-10-02 15:58:26,371 - INFO - Working on file2024-09-03 C449499V1 DIR-UT Assay.XLS
2024-10-02 15:58:27,754 - INFO - completed entry for file 2024-09-03 C449499V1 DIR-UT Assay.XLS
2024-10-02 16:02:22,988 - INFO - Master Data Updated, please press Enter to end
2024-10-02 16:02:25,209 - INFO - Starting...............
2024-10-02 16:02:25,209 - INFO - Working on file2024-09-01 C449200V1 DIR-Z3 Assay.XLS
2024-10-02 16:02:26,325 - INFO - Completed entry for Metals
2024-10-02 16:02:27,906 - INFO - Completed entry for Metal Refined
2024-10-02 16:02:29,540 - INFO - Completed entry for Dissolved
2024-10-02 16:02:30,990 - INFO - Completed entry for Dissolved Refined
2024-10-02 16:02:32,429 - INFO - Completed entry for Conventional
2024-10-02 16:02:33,892 - INFO - Completed entry for Conventional Refined
2024-10-02 16:02:34,435 - INFO - completed entry for file 2024-09-01 C449200V1 DIR-Z3 Assay.XLS
2024-10-02 16:02:34,436 - INFO - Working on file2024-09-03 C449499V1 DIR-UT Assay.XLS
2024-10-02 16:02:35,564 - INFO - Completed entry for Metals
2024-10-02 16:02:37,165 - INFO - Completed entry for Metal Refined
2024-10-02 16:02:38,738 - INFO - Completed entry for Dissolved
2024-10-02 16:02:40,246 - INFO - Completed entry for Dissolved Refined
2024-10-02 16:02:41,699 - INFO - Completed entry for Conventional
2024-10-02 16:02:43,143 - INFO - Completed entry for Conventional Refined
2024-10-02 16:02:43,705 - INFO - completed entry for file 2024-09-03 C449499V1 DIR-UT Assay.XLS
2024-11-18 09:37:31,152 - INFO - Starting...............
2024-11-18 09:37:31,153 - INFO - Working on file2024-06-25 C433559V1 DIR-Z3.XLS
2024-11-18 09:37:32,829 - INFO - Completed entry for Metals
2024-11-18 09:37:34,951 - INFO - Completed entry for Metal Refined
2024-11-18 09:37:35,745 - ERROR - An error occurred while processing the data: unsupported operand type(s) for /: 'str' and 'int'
2024-11-18 09:37:35,746 - INFO - Working on file2024-06-30 C434586V1 DIR-Z3.XLS
2024-11-18 09:37:37,217 - INFO - Completed entry for Metals
2024-11-18 09:37:39,401 - INFO - Completed entry for Metal Refined
2024-11-18 09:37:40,155 - INFO - No dissolved metal
2024-11-18 09:37:41,384 - INFO - Completed entry for Conventional
2024-11-18 09:48:49,149 - INFO - Starting...............
2024-11-18 09:48:49,149 - INFO - Working on file2024-07-10 C437555V1 DIR-Z3.XLS
2024-11-18 09:48:50,816 - INFO - Completed entry for Metals
2024-11-18 09:48:52,927 - INFO - Completed entry for Metal Refined
2024-11-18 09:48:55,079 - INFO - Completed entry for Dissolved
2024-11-18 09:48:57,009 - INFO - Completed entry for Dissolved Refined
2024-11-18 09:48:59,197 - INFO - Completed entry for Conventional
2024-11-18 09:49:01,212 - INFO - Completed entry for Conventional Refined
2024-11-18 09:49:01,861 - INFO - completed entry for file 2024-07-10 C437555V1 DIR-Z3.XLS
2024-11-18 09:49:01,862 - INFO - File 2024-07-10 C437555V1 DIR-Z3.XLS has been deleted.
2024-11-18 09:50:48,007 - INFO - Master Data Updated, please press Enter to end
2024-11-18 09:51:10,412 - INFO - Starting...............
2024-11-18 09:51:10,413 - INFO - Working on file2024-07-10 C437555V1 DIR-Z3.XLS
2024-11-18 09:51:10,757 - INFO - Completed entry for Metals
2024-11-18 09:51:10,938 - INFO - Completed entry for Metal Refined
2024-11-18 09:51:11,138 - INFO - Completed entry for Dissolved
2024-11-18 09:51:11,273 - INFO - Completed entry for Dissolved Refined
2024-11-18 09:51:11,401 - INFO - Completed entry for Conventional
2024-11-18 09:51:11,506 - INFO - Completed entry for Conventional Refined
2024-11-18 09:51:11,555 - INFO - completed entry for file 2024-07-10 C437555V1 DIR-Z3.XLS
2024-11-18 09:51:13,868 - INFO - Master Data Updated, please press Enter to end
